[dotenv@17.3.1] injecting env (2) from .env.local -- tip: 🤖 agentic secret storage: https://dotenvx.com/as2
Recent homeworks: [
  {
    "id": "e10486da-9cd6-4d83-aee7-2d0607443962",
    "student_name": "Test",
    "description": "Test",
    "image_urls": null,
    "study_date": "2026-02-23",
    "created_at": "2026-02-22T17:58:09.178021+00:00",
    "group_id": null
  },
  {
    "id": "3b117514-bad4-4c63-bce1-9a004e4d2f5a",
    "student_name": "Test2",
    "description": "Test2",
    "image_urls": null,
    "study_date": "2026-02-23",
    "created_at": "2026-02-22T18:00:31.49888+00:00",
    "group_id": null
  },
  {
    "id": "6b653667-8687-4599-ac9a-cecb32cf0aed",
    "student_name": "ㅅㄷㄴㅅ",
    "description": "영어",
    "image_urls": [],
    "study_date": "2026-02-23",
    "created_at": "2026-02-22T18:02:38.920698+00:00",
    "group_id": "11"
  }
]
