[dotenv@17.3.1] injecting env (2) from .env.local -- tip: ?뵍 prevent building .env in docker: https://dotenvx.com/prebuild
Inserting... {
  group_id: '?대컮?쇨린諛?,
  student_name: 'Test Student',
  description: 'Test Desc',
  image_urls: [],
  study_date: '2026-02-23'
}
node : Error inserting:
 {
위치 줄:1 문자:1
+ node test_insert.js >
 test_output.log 2>&1
+ ~~~~~~~~~~~~~~~~~~~~~
~~~~~~~~~~~~~~~~~~~~~
    + CategoryInfo     
         : NotSpecifi  
  ed: (Error inserti   
 ng: {:String) [],     
RemoteException
    + FullyQualifiedEr 
   rorId : NativeComm  
  andError
 
  code: 'PGRST204',
  details: null,
  hint: null,
  message: "Could not f
ind the 'group_id' colu
mn of 'premium_homework
s' in the schema cache"
}
